Archive member included to satisfy reference by file (symbol)

c:/program files (x86)/atmel/studio/7.0/toolchain/avr8/avr8-gnu-toolchain/bin/../lib/gcc/avr/5.4.0/avr5\libgcc.a(_exit.o)
                              C:/Program Files (x86)/Atmel/Studio/7.0/Packs/atmel/ATmega_DFP/1.6.364/gcc/dev/atmega32/avr5/crtatmega32.o (exit)
c:/program files (x86)/atmel/studio/7.0/toolchain/avr8/avr8-gnu-toolchain/bin/../lib/gcc/avr/5.4.0/avr5\libgcc.a(_clear_bss.o)
                              Application/app.o (__do_clear_bss)

Allocating common symbols
Common symbol       size              file

temp                0x1               Application/app.o
green_and_yellow_interrupt_flag
                    0x1               Application/app.o
Red_interrupt_flag  0x1               Application/app.o

Discarded input sections

 .data          0x00000000        0x0 C:/Program Files (x86)/Atmel/Studio/7.0/Packs/atmel/ATmega_DFP/1.6.364/gcc/dev/atmega32/avr5/crtatmega32.o
 .bss           0x00000000        0x0 C:/Program Files (x86)/Atmel/Studio/7.0/Packs/atmel/ATmega_DFP/1.6.364/gcc/dev/atmega32/avr5/crtatmega32.o
 .text          0x00000000        0x0 Application/app.o
 .data          0x00000000        0x0 Application/app.o
 .bss           0x00000000        0x0 Application/app.o
 .text.appStart
                0x00000000       0xc0 Application/app.o
 .debug_info    0x00000000      0x268 Application/app.o
 .debug_abbrev  0x00000000       0xa4 Application/app.o
 .debug_aranges
                0x00000000       0x20 Application/app.o
 .debug_ranges  0x00000000       0x10 Application/app.o
 .debug_line    0x00000000      0x1dd Application/app.o
 .debug_str     0x00000000      0x221 Application/app.o
 .comment       0x00000000       0x31 Application/app.o
 .debug_frame   0x00000000       0x24 Application/app.o
 COMMON         0x00000000        0x3 Application/app.o
 .text          0x00000000        0x0 HAL/Button/Button.o
 .data          0x00000000        0x0 HAL/Button/Button.o
 .bss           0x00000000        0x0 HAL/Button/Button.o
 .text.Button_Init
                0x00000000        0xa HAL/Button/Button.o
 .text.Button_Read
                0x00000000        0x8 HAL/Button/Button.o
 .debug_info    0x00000000      0x12f HAL/Button/Button.o
 .debug_abbrev  0x00000000       0xb2 HAL/Button/Button.o
 .debug_loc     0x00000000       0x68 HAL/Button/Button.o
 .debug_aranges
                0x00000000       0x28 HAL/Button/Button.o
 .debug_ranges  0x00000000       0x18 HAL/Button/Button.o
 .debug_line    0x00000000       0xbe HAL/Button/Button.o
 .debug_str     0x00000000      0x1d4 HAL/Button/Button.o
 .comment       0x00000000       0x31 HAL/Button/Button.o
 .debug_frame   0x00000000       0x34 HAL/Button/Button.o
 .text          0x00000000        0x0 HAL/LED/LED.o
 .data          0x00000000        0x0 HAL/LED/LED.o
 .bss           0x00000000        0x0 HAL/LED/LED.o
 .text.LED_blink
                0x00000000       0x44 HAL/LED/LED.o
 .text          0x00000000        0x0 main.o
 .data          0x00000000        0x0 main.o
 .bss           0x00000000        0x0 main.o
 .debug_line    0x00000000        0x0 main.o
 .debug_str     0x00000000      0x13f main.o
 .comment       0x00000000       0x31 main.o
 .text          0x00000000        0x0 MCAL/DIO/DIO.o
 .data          0x00000000        0x0 MCAL/DIO/DIO.o
 .bss           0x00000000        0x0 MCAL/DIO/DIO.o
 .text.DIO_Pin_Read
                0x00000000       0xda MCAL/DIO/DIO.o
 .text.DIO_Port_Write
                0x00000000       0x84 MCAL/DIO/DIO.o
 .text.DIO_Port_Read
                0x00000000       0x44 MCAL/DIO/DIO.o
 .text.DIO_Port_Direction
                0x00000000       0x84 MCAL/DIO/DIO.o
 .text          0x00000000        0x0 MCAL/EXTI/EXTI.o
 .data          0x00000000        0x0 MCAL/EXTI/EXTI.o
 .bss           0x00000000        0x0 MCAL/EXTI/EXTI.o
 .text.INT0_Enable_EXTI
                0x00000000        0x8 MCAL/EXTI/EXTI.o
 .text.INT0_Enable_Rising_Edge_Sense
                0x00000000        0x8 MCAL/EXTI/EXTI.o
 .debug_info    0x00000000       0xab MCAL/EXTI/EXTI.o
 .debug_abbrev  0x00000000       0x76 MCAL/EXTI/EXTI.o
 .debug_aranges
                0x00000000       0x28 MCAL/EXTI/EXTI.o
 .debug_ranges  0x00000000       0x18 MCAL/EXTI/EXTI.o
 .debug_line    0x00000000       0x94 MCAL/EXTI/EXTI.o
 .debug_str     0x00000000      0x1be MCAL/EXTI/EXTI.o
 .comment       0x00000000       0x31 MCAL/EXTI/EXTI.o
 .debug_frame   0x00000000       0x34 MCAL/EXTI/EXTI.o
 .text          0x00000000        0x0 MCAL/Timer/Timer.o
 .data          0x00000000        0x0 MCAL/Timer/Timer.o
 .bss           0x00000000        0x0 MCAL/Timer/Timer.o
 .text.Timer1_Delay_5sec
                0x00000000       0x24 MCAL/Timer/Timer.o
 .text.Timer2_Delay_262ms
                0x00000000       0x1a MCAL/Timer/Timer.o
 .debug_info    0x00000000       0xbb MCAL/Timer/Timer.o
 .debug_abbrev  0x00000000       0x76 MCAL/Timer/Timer.o
 .debug_aranges
                0x00000000       0x28 MCAL/Timer/Timer.o
 .debug_ranges  0x00000000       0x18 MCAL/Timer/Timer.o
 .debug_line    0x00000000       0xd3 MCAL/Timer/Timer.o
 .debug_str     0x00000000      0x1bb MCAL/Timer/Timer.o
 .comment       0x00000000       0x31 MCAL/Timer/Timer.o
 .debug_frame   0x00000000       0x34 MCAL/Timer/Timer.o
 .text          0x00000000        0x0 Test_Modules/Button_test.o
 .data          0x00000000        0x0 Test_Modules/Button_test.o
 .bss           0x00000000        0x0 Test_Modules/Button_test.o
 .debug_info    0x00000000       0x33 Test_Modules/Button_test.o
 .debug_abbrev  0x00000000       0x1b Test_Modules/Button_test.o
 .debug_aranges
                0x00000000       0x18 Test_Modules/Button_test.o
 .debug_line    0x00000000       0x1a Test_Modules/Button_test.o
 .debug_str     0x00000000      0x184 Test_Modules/Button_test.o
 .comment       0x00000000       0x31 Test_Modules/Button_test.o
 .text          0x00000000        0x0 Test_Modules/DIO_test.o
 .data          0x00000000        0x0 Test_Modules/DIO_test.o
 .bss           0x00000000        0x0 Test_Modules/DIO_test.o
 .debug_info    0x00000000       0x33 Test_Modules/DIO_test.o
 .debug_abbrev  0x00000000       0x1b Test_Modules/DIO_test.o
 .debug_aranges
                0x00000000       0x18 Test_Modules/DIO_test.o
 .debug_line    0x00000000       0x1a Test_Modules/DIO_test.o
 .debug_str     0x00000000      0x181 Test_Modules/DIO_test.o
 .comment       0x00000000       0x31 Test_Modules/DIO_test.o
 .text          0x00000000        0x0 Test_Modules/EXTI_test.o
 .data          0x00000000        0x0 Test_Modules/EXTI_test.o
 .bss           0x00000000        0x0 Test_Modules/EXTI_test.o
 .debug_info    0x00000000       0x33 Test_Modules/EXTI_test.o
 .debug_abbrev  0x00000000       0x1b Test_Modules/EXTI_test.o
 .debug_aranges
                0x00000000       0x18 Test_Modules/EXTI_test.o
 .debug_line    0x00000000       0x1a Test_Modules/EXTI_test.o
 .debug_str     0x00000000      0x182 Test_Modules/EXTI_test.o
 .comment       0x00000000       0x31 Test_Modules/EXTI_test.o
 .text          0x00000000        0x0 Test_Modules/LED_test.o
 .data          0x00000000        0x0 Test_Modules/LED_test.o
 .bss           0x00000000        0x0 Test_Modules/LED_test.o
 .text          0x00000000        0x0 Test_Modules/Timer_test.o
 .data          0x00000000        0x0 Test_Modules/Timer_test.o
 .bss           0x00000000        0x0 Test_Modules/Timer_test.o
 .debug_info    0x00000000       0x33 Test_Modules/Timer_test.o
 .debug_abbrev  0x00000000       0x1b Test_Modules/Timer_test.o
 .debug_aranges
                0x00000000       0x18 Test_Modules/Timer_test.o
 .debug_line    0x00000000       0x1a Test_Modules/Timer_test.o
 .debug_str     0x00000000      0x183 Test_Modules/Timer_test.o
 .comment       0x00000000       0x31 Test_Modules/Timer_test.o
 .text          0x00000000        0x0 c:/program files (x86)/atmel/studio/7.0/toolchain/avr8/avr8-gnu-toolchain/bin/../lib/gcc/avr/5.4.0/avr5\libgcc.a(_exit.o)
 .data          0x00000000        0x0 c:/program files (x86)/atmel/studio/7.0/toolchain/avr8/avr8-gnu-toolchain/bin/../lib/gcc/avr/5.4.0/avr5\libgcc.a(_exit.o)
 .bss           0x00000000        0x0 c:/program files (x86)/atmel/studio/7.0/toolchain/avr8/avr8-gnu-toolchain/bin/../lib/gcc/avr/5.4.0/avr5\libgcc.a(_exit.o)
 .text.libgcc.mul
                0x00000000        0x0 c:/program files (x86)/atmel/studio/7.0/toolchain/avr8/avr8-gnu-toolchain/bin/../lib/gcc/avr/5.4.0/avr5\libgcc.a(_exit.o)
 .text.libgcc.div
                0x00000000        0x0 c:/program files (x86)/atmel/studio/7.0/toolchain/avr8/avr8-gnu-toolchain/bin/../lib/gcc/avr/5.4.0/avr5\libgcc.a(_exit.o)
 .text.libgcc   0x00000000        0x0 c:/program files (x86)/atmel/studio/7.0/toolchain/avr8/avr8-gnu-toolchain/bin/../lib/gcc/avr/5.4.0/avr5\libgcc.a(_exit.o)
 .text.libgcc.prologue
                0x00000000        0x0 c:/program files (x86)/atmel/studio/7.0/toolchain/avr8/avr8-gnu-toolchain/bin/../lib/gcc/avr/5.4.0/avr5\libgcc.a(_exit.o)
 .text.libgcc.builtins
                0x00000000        0x0 c:/program files (x86)/atmel/studio/7.0/toolchain/avr8/avr8-gnu-toolchain/bin/../lib/gcc/avr/5.4.0/avr5\libgcc.a(_exit.o)
 .text.libgcc.fmul
                0x00000000        0x0 c:/program files (x86)/atmel/studio/7.0/toolchain/avr8/avr8-gnu-toolchain/bin/../lib/gcc/avr/5.4.0/avr5\libgcc.a(_exit.o)
 .text.libgcc.fixed
                0x00000000        0x0 c:/program files (x86)/atmel/studio/7.0/toolchain/avr8/avr8-gnu-toolchain/bin/../lib/gcc/avr/5.4.0/avr5\libgcc.a(_exit.o)
 .text          0x00000000        0x0 c:/program files (x86)/atmel/studio/7.0/toolchain/avr8/avr8-gnu-toolchain/bin/../lib/gcc/avr/5.4.0/avr5\libgcc.a(_clear_bss.o)
 .data          0x00000000        0x0 c:/program files (x86)/atmel/studio/7.0/toolchain/avr8/avr8-gnu-toolchain/bin/../lib/gcc/avr/5.4.0/avr5\libgcc.a(_clear_bss.o)
 .bss           0x00000000        0x0 c:/program files (x86)/atmel/studio/7.0/toolchain/avr8/avr8-gnu-toolchain/bin/../lib/gcc/avr/5.4.0/avr5\libgcc.a(_clear_bss.o)
 .text.libgcc.mul
                0x00000000        0x0 c:/program files (x86)/atmel/studio/7.0/toolchain/avr8/avr8-gnu-toolchain/bin/../lib/gcc/avr/5.4.0/avr5\libgcc.a(_clear_bss.o)
 .text.libgcc.div
                0x00000000        0x0 c:/program files (x86)/atmel/studio/7.0/toolchain/avr8/avr8-gnu-toolchain/bin/../lib/gcc/avr/5.4.0/avr5\libgcc.a(_clear_bss.o)
 .text.libgcc   0x00000000        0x0 c:/program files (x86)/atmel/studio/7.0/toolchain/avr8/avr8-gnu-toolchain/bin/../lib/gcc/avr/5.4.0/avr5\libgcc.a(_clear_bss.o)
 .text.libgcc.prologue
                0x00000000        0x0 c:/program files (x86)/atmel/studio/7.0/toolchain/avr8/avr8-gnu-toolchain/bin/../lib/gcc/avr/5.4.0/avr5\libgcc.a(_clear_bss.o)
 .text.libgcc.builtins
                0x00000000        0x0 c:/program files (x86)/atmel/studio/7.0/toolchain/avr8/avr8-gnu-toolchain/bin/../lib/gcc/avr/5.4.0/avr5\libgcc.a(_clear_bss.o)
 .text.libgcc.fmul
                0x00000000        0x0 c:/program files (x86)/atmel/studio/7.0/toolchain/avr8/avr8-gnu-toolchain/bin/../lib/gcc/avr/5.4.0/avr5\libgcc.a(_clear_bss.o)
 .text.libgcc.fixed
                0x00000000        0x0 c:/program files (x86)/atmel/studio/7.0/toolchain/avr8/avr8-gnu-toolchain/bin/../lib/gcc/avr/5.4.0/avr5\libgcc.a(_clear_bss.o)

Memory Configuration

Name             Origin             Length             Attributes
text             0x00000000         0x00008000         xr
data             0x00800060         0x00000800         rw !x
eeprom           0x00810000         0x00000400         rw !x
fuse             0x00820000         0x00000002         rw !x
lock             0x00830000         0x00000400         rw !x
signature        0x00840000         0x00000400         rw !x
user_signatures  0x00850000         0x00000400         rw !x
*default*        0x00000000         0xffffffff

Linker script and memory map

LOAD C:/Program Files (x86)/Atmel/Studio/7.0/Packs/atmel/ATmega_DFP/1.6.364/gcc/dev/atmega32/avr5/crtatmega32.o
LOAD Application/app.o
LOAD HAL/Button/Button.o
LOAD HAL/LED/LED.o
LOAD main.o
LOAD MCAL/DIO/DIO.o
LOAD MCAL/EXTI/EXTI.o
LOAD MCAL/Timer/Timer.o
LOAD Test_Modules/Button_test.o
LOAD Test_Modules/DIO_test.o
LOAD Test_Modules/EXTI_test.o
LOAD Test_Modules/LED_test.o
LOAD Test_Modules/Timer_test.o
START GROUP
LOAD c:/program files (x86)/atmel/studio/7.0/toolchain/avr8/avr8-gnu-toolchain/bin/../lib/gcc/avr/5.4.0/../../../../avr/lib/avr5\libm.a
END GROUP
START GROUP
LOAD c:/program files (x86)/atmel/studio/7.0/toolchain/avr8/avr8-gnu-toolchain/bin/../lib/gcc/avr/5.4.0/avr5\libgcc.a
LOAD c:/program files (x86)/atmel/studio/7.0/toolchain/avr8/avr8-gnu-toolchain/bin/../lib/gcc/avr/5.4.0/../../../../avr/lib/avr5\libm.a
LOAD c:/program files (x86)/atmel/studio/7.0/toolchain/avr8/avr8-gnu-toolchain/bin/../lib/gcc/avr/5.4.0/../../../../avr/lib/avr5\libc.a
LOAD C:/Program Files (x86)/Atmel/Studio/7.0/Packs/atmel/ATmega_DFP/1.6.364/gcc/dev/atmega32/avr5\libatmega32.a
END GROUP
                0x00000000                __TEXT_REGION_ORIGIN__ = DEFINED (__TEXT_REGION_ORIGIN__)?__TEXT_REGION_ORIGIN__:0x0
                [0x00800060]                __DATA_REGION_ORIGIN__ = DEFINED (__DATA_REGION_ORIGIN__)?__DATA_REGION_ORIGIN__:0x800060
                [0x00008000]                __TEXT_REGION_LENGTH__ = DEFINED (__TEXT_REGION_LENGTH__)?__TEXT_REGION_LENGTH__:0x20000
                [0x00000800]                __DATA_REGION_LENGTH__ = DEFINED (__DATA_REGION_LENGTH__)?__DATA_REGION_LENGTH__:0xffa0
                [0x00000400]                __EEPROM_REGION_LENGTH__ = DEFINED (__EEPROM_REGION_LENGTH__)?__EEPROM_REGION_LENGTH__:0x10000
                [0x00000002]                __FUSE_REGION_LENGTH__ = DEFINED (__FUSE_REGION_LENGTH__)?__FUSE_REGION_LENGTH__:0x400
                0x00000400                __LOCK_REGION_LENGTH__ = DEFINED (__LOCK_REGION_LENGTH__)?__LOCK_REGION_LENGTH__:0x400
                0x00000400                __SIGNATURE_REGION_LENGTH__ = DEFINED (__SIGNATURE_REGION_LENGTH__)?__SIGNATURE_REGION_LENGTH__:0x400
                0x00000400                __USER_SIGNATURE_REGION_LENGTH__ = DEFINED (__USER_SIGNATURE_REGION_LENGTH__)?__USER_SIGNATURE_REGION_LENGTH__:0x400

.hash
 *(.hash)

.dynsym
 *(.dynsym)

.dynstr
 *(.dynstr)

.gnu.version
 *(.gnu.version)

.gnu.version_d
 *(.gnu.version_d)

.gnu.version_r
 *(.gnu.version_r)

.rel.init
 *(.rel.init)

.rela.init
 *(.rela.init)

.rel.text
 *(.rel.text)
 *(.rel.text.*)
 *(.rel.gnu.linkonce.t*)

.rela.text
 *(.rela.text)
 *(.rela.text.*)
 *(.rela.gnu.linkonce.t*)

.rel.fini
 *(.rel.fini)

.rela.fini
 *(.rela.fini)

.rel.rodata
 *(.rel.rodata)
 *(.rel.rodata.*)
 *(.rel.gnu.linkonce.r*)

.rela.rodata
 *(.rela.rodata)
 *(.rela.rodata.*)
 *(.rela.gnu.linkonce.r*)

.rel.data
 *(.rel.data)
 *(.rel.data.*)
 *(.rel.gnu.linkonce.d*)

.rela.data
 *(.rela.data)
 *(.rela.data.*)
 *(.rela.gnu.linkonce.d*)

.rel.ctors
 *(.rel.ctors)

.rela.ctors
 *(.rela.ctors)

.rel.dtors
 *(.rel.dtors)

.rela.dtors
 *(.rela.dtors)

.rel.got
 *(.rel.got)

.rela.got
 *(.rela.got)

.rel.bss
 *(.rel.bss)

.rela.bss
 *(.rela.bss)

.rel.plt
 *(.rel.plt)

.rela.plt
 *(.rela.plt)

.text           0x00000000      0x3b2
 *(.vectors)
 .vectors       0x00000000       0x54 C:/Program Files (x86)/Atmel/Studio/7.0/Packs/atmel/ATmega_DFP/1.6.364/gcc/dev/atmega32/avr5/crtatmega32.o
                0x00000000                __vector_default
                0x00000000                __vectors
 *(.vectors)
 *(.progmem.gcc*)
                0x00000054                . = ALIGN (0x2)
                0x00000054                __trampolines_start = .
 *(.trampolines)
 .trampolines   0x00000054        0x0 linker stubs
 *(.trampolines*)
                0x00000054                __trampolines_end = .
 *libprintf_flt.a:*(.progmem.data)
 *libc.a:*(.progmem.data)
 *(.progmem*)
                0x00000054                . = ALIGN (0x2)
 *(.jumptables)
 *(.jumptables*)
 *(.lowtext)
 *(.lowtext*)
                0x00000054                __ctors_start = .
 *(.ctors)
                0x00000054                __ctors_end = .
                0x00000054                __dtors_start = .
 *(.dtors)
                0x00000054                __dtors_end = .
 SORT(*)(.ctors)
 SORT(*)(.dtors)
 *(.init0)
 .init0         0x00000054        0x0 C:/Program Files (x86)/Atmel/Studio/7.0/Packs/atmel/ATmega_DFP/1.6.364/gcc/dev/atmega32/avr5/crtatmega32.o
                0x00000054                __init
 *(.init0)
 *(.init1)
 *(.init1)
 *(.init2)
 .init2         0x00000054        0xc C:/Program Files (x86)/Atmel/Studio/7.0/Packs/atmel/ATmega_DFP/1.6.364/gcc/dev/atmega32/avr5/crtatmega32.o
 *(.init2)
 *(.init3)
 *(.init3)
 *(.init4)
 .init4         0x00000060       0x10 c:/program files (x86)/atmel/studio/7.0/toolchain/avr8/avr8-gnu-toolchain/bin/../lib/gcc/avr/5.4.0/avr5\libgcc.a(_clear_bss.o)
                0x00000060                __do_clear_bss
 *(.init4)
 *(.init5)
 *(.init5)
 *(.init6)
 *(.init6)
 *(.init7)
 *(.init7)
 *(.init8)
 *(.init8)
 *(.init9)
 .init9         0x00000070        0x8 C:/Program Files (x86)/Atmel/Studio/7.0/Packs/atmel/ATmega_DFP/1.6.364/gcc/dev/atmega32/avr5/crtatmega32.o
 *(.init9)
 *(.text)
 .text          0x00000078        0x4 C:/Program Files (x86)/Atmel/Studio/7.0/Packs/atmel/ATmega_DFP/1.6.364/gcc/dev/atmega32/avr5/crtatmega32.o
                0x00000078                __vector_1
                0x00000078                __vector_12
                0x00000078                __bad_interrupt
                0x00000078                __vector_6
                0x00000078                __vector_3
                0x00000078                __vector_11
                0x00000078                __vector_13
                0x00000078                __vector_17
                0x00000078                __vector_19
                0x00000078                __vector_7
                0x00000078                __vector_5
                0x00000078                __vector_4
                0x00000078                __vector_9
                0x00000078                __vector_2
                0x00000078                __vector_15
                0x00000078                __vector_8
                0x00000078                __vector_14
                0x00000078                __vector_10
                0x00000078                __vector_16
                0x00000078                __vector_18
                0x00000078                __vector_20
                0x0000007c                . = ALIGN (0x2)
 *(.text.*)
 .text.LED_init
                0x0000007c        0x8 HAL/LED/LED.o
                0x0000007c                LED_init
 .text.LED_on   0x00000084        0x8 HAL/LED/LED.o
                0x00000084                LED_on
 .text.LED_off  0x0000008c        0x8 HAL/LED/LED.o
                0x0000008c                LED_off
 .text.LED_toggle
                0x00000094        0x6 HAL/LED/LED.o
                0x00000094                LED_toggle
 .text.DIO_Pin_Write
                0x0000009a      0x134 MCAL/DIO/DIO.o
                0x0000009a                DIO_Pin_Write
 .text.DIO_Pin_Init
                0x000001ce      0x134 MCAL/DIO/DIO.o
                0x000001ce                DIO_Pin_Init
 .text.DIO_Pin_Toggle
                0x00000302       0x8e MCAL/DIO/DIO.o
                0x00000302                DIO_Pin_Toggle
 .text.main     0x00000390       0x1e Test_Modules/LED_test.o
                0x00000390                main
                0x000003ae                . = ALIGN (0x2)
 *(.fini9)
 .fini9         0x000003ae        0x0 c:/program files (x86)/atmel/studio/7.0/toolchain/avr8/avr8-gnu-toolchain/bin/../lib/gcc/avr/5.4.0/avr5\libgcc.a(_exit.o)
                0x000003ae                _exit
                0x000003ae                exit
 *(.fini9)
 *(.fini8)
 *(.fini8)
 *(.fini7)
 *(.fini7)
 *(.fini6)
 *(.fini6)
 *(.fini5)
 *(.fini5)
 *(.fini4)
 *(.fini4)
 *(.fini3)
 *(.fini3)
 *(.fini2)
 *(.fini2)
 *(.fini1)
 *(.fini1)
 *(.fini0)
 .fini0         0x000003ae        0x4 c:/program files (x86)/atmel/studio/7.0/toolchain/avr8/avr8-gnu-toolchain/bin/../lib/gcc/avr/5.4.0/avr5\libgcc.a(_exit.o)
 *(.fini0)
                0x000003b2                _etext = .

.data           0x00800060        0x0 load address 0x000003b2
                [!provide]                PROVIDE (__data_start, .)
 *(.data)
 *(.data*)
 *(.gnu.linkonce.d*)
 *(.rodata)
 *(.rodata*)
 *(.gnu.linkonce.r*)
                0x00800060                . = ALIGN (0x2)
                0x00800060                _edata = .
                [!provide]                PROVIDE (__data_end, .)

.bss            0x00800060        0x0
                0x00800060                PROVIDE (__bss_start, .)
 *(.bss)
 *(.bss*)
 *(COMMON)
                0x00800060                PROVIDE (__bss_end, .)
                0x000003b2                __data_load_start = LOADADDR (.data)
                0x000003b2                __data_load_end = (__data_load_start + SIZEOF (.data))

.noinit         0x00800060        0x0
                [!provide]                PROVIDE (__noinit_start, .)
 *(.noinit*)
                [!provide]                PROVIDE (__noinit_end, .)
                0x00800060                _end = .
                [!provide]                PROVIDE (__heap_start, .)

.eeprom         0x00810000        0x0
 *(.eeprom*)
                0x00810000                __eeprom_end = .

.fuse
 *(.fuse)
 *(.lfuse)
 *(.hfuse)
 *(.efuse)

.lock
 *(.lock*)

.signature
 *(.signature*)

.user_signatures
 *(.user_signatures*)

.stab
 *(.stab)

.stabstr
 *(.stabstr)

.stab.excl
 *(.stab.excl)

.stab.exclstr
 *(.stab.exclstr)

.stab.index
 *(.stab.index)

.stab.indexstr
 *(.stab.indexstr)

.comment        0x00000000       0x30
 *(.comment)
 .comment       0x00000000       0x30 HAL/LED/LED.o
                                 0x31 (size before relaxing)
 .comment       0x00000030       0x31 MCAL/DIO/DIO.o
 .comment       0x00000030       0x31 Test_Modules/LED_test.o

.note.gnu.avr.deviceinfo
                0x00000000       0x3c
 .note.gnu.avr.deviceinfo
                0x00000000       0x3c C:/Program Files (x86)/Atmel/Studio/7.0/Packs/atmel/ATmega_DFP/1.6.364/gcc/dev/atmega32/avr5/crtatmega32.o

.note.gnu.build-id
 *(.note.gnu.build-id)

.debug
 *(.debug)

.line
 *(.line)

.debug_srcinfo
 *(.debug_srcinfo)

.debug_sfnames
 *(.debug_sfnames)

.debug_aranges  0x00000000       0xb0
 *(.debug_aranges)
 .debug_aranges
                0x00000000       0x40 HAL/LED/LED.o
 .debug_aranges
                0x00000040       0x50 MCAL/DIO/DIO.o
 .debug_aranges
                0x00000090       0x20 Test_Modules/LED_test.o

.debug_pubnames
 *(.debug_pubnames)

.debug_info     0x00000000      0xa32
 *(.debug_info .gnu.linkonce.wi.*)
 .debug_info    0x00000000      0x4e6 C:/Program Files (x86)/Atmel/Studio/7.0/Packs/atmel/ATmega_DFP/1.6.364/gcc/dev/atmega32/avr5/crtatmega32.o
 .debug_info    0x000004e6      0x242 HAL/LED/LED.o
 .debug_info    0x00000728      0x229 MCAL/DIO/DIO.o
 .debug_info    0x00000951       0xe1 Test_Modules/LED_test.o

.debug_abbrev   0x00000000      0x6f8
 *(.debug_abbrev)
 .debug_abbrev  0x00000000      0x4a3 C:/Program Files (x86)/Atmel/Studio/7.0/Packs/atmel/ATmega_DFP/1.6.364/gcc/dev/atmega32/avr5/crtatmega32.o
 .debug_abbrev  0x000004a3       0xe4 HAL/LED/LED.o
 .debug_abbrev  0x00000587       0xf3 MCAL/DIO/DIO.o
 .debug_abbrev  0x0000067a       0x7e Test_Modules/LED_test.o

.debug_line     0x00000000      0x813
 *(.debug_line .debug_line.* .debug_line_end)
 .debug_line    0x00000000      0x116 C:/Program Files (x86)/Atmel/Studio/7.0/Packs/atmel/ATmega_DFP/1.6.364/gcc/dev/atmega32/avr5/crtatmega32.o
 .debug_line    0x00000116      0x178 HAL/LED/LED.o
 .debug_line    0x0000028e      0x4fb MCAL/DIO/DIO.o
 .debug_line    0x00000789       0x8a Test_Modules/LED_test.o

.debug_frame    0x00000000      0x114
 *(.debug_frame)
 .debug_frame   0x00000000       0x6c HAL/LED/LED.o
 .debug_frame   0x0000006c       0x84 MCAL/DIO/DIO.o
 .debug_frame   0x000000f0       0x24 Test_Modules/LED_test.o

.debug_str      0x00000000      0x444
 *(.debug_str)
 .debug_str     0x00000000      0x196 C:/Program Files (x86)/Atmel/Studio/7.0/Packs/atmel/ATmega_DFP/1.6.364/gcc/dev/atmega32/avr5/crtatmega32.o
 .debug_str     0x00000196      0x20a HAL/LED/LED.o
                                0x210 (size before relaxing)
 .debug_str     0x000003a0       0x84 MCAL/DIO/DIO.o
                                0x229 (size before relaxing)
 .debug_str     0x00000424       0x20 Test_Modules/LED_test.o
                                0x1a9 (size before relaxing)

.debug_loc      0x00000000      0x8c5
 *(.debug_loc)
 .debug_loc     0x00000000       0xd2 HAL/LED/LED.o
 .debug_loc     0x000000d2      0x7f3 MCAL/DIO/DIO.o

.debug_macinfo
 *(.debug_macinfo)

.debug_weaknames
 *(.debug_weaknames)

.debug_funcnames
 *(.debug_funcnames)

.debug_typenames
 *(.debug_typenames)

.debug_varnames
 *(.debug_varnames)

.debug_pubtypes
 *(.debug_pubtypes)

.debug_ranges   0x00000000       0x80
 *(.debug_ranges)
 .debug_ranges  0x00000000       0x30 HAL/LED/LED.o
 .debug_ranges  0x00000030       0x40 MCAL/DIO/DIO.o
 .debug_ranges  0x00000070       0x10 Test_Modules/LED_test.o

.debug_macro
 *(.debug_macro)
OUTPUT(Traffic_Light_Controller.elf elf32-avr)
LOAD linker stubs
